// Jest Snapshot v1, https://goo.gl/fbAQLP

exports[`CardStyle renders correctly 1`] = `
.c0 {
  position: relative;
  margin: 0 auto 50px;
  display: -webkit-box;
  display: -webkit-flex;
  display: -ms-flexbox;
  display: flex;
  -webkit-flex-direction: column;
  -ms-flex-direction: column;
  flex-direction: column;
  width: 100%;
  background-color: #fff;
  border-radius: 2px;
  box-shadow: 0 2px 2px 0 rgba(0,0,0,0.14), 0 3px 1px -2px rgba(0,0,0,0.12),0 1px 5px 0 rgba(0,0,0,0.2);
}

<div
  className="c0"
/>
`;
